error: Expected a variant: 'Struct' or 'Enum' or 'Repeated' or 'Separated' or 'Precedence' or 'Trivia' or 'Keyword' or 'Token' or 'Fragment'
  --> src/fail/parsing/unrecognized_variant/test.rs:24:26
   |
24 |                 items = [Unrecognized(true)]
   |                          ^^^^^^^^^^^^
