error: Expected a non-empty string.
  --> src/fail/parsing/empty_string/test.rs:14:76
   |
14 |             items = [Token(name = Bar, definitions = [TokenDefinition(Atom(""))])]
   |                                                                            ^^
